Echo Librarian Scan — 2025-12-24 09:33:22.238070
==================================================
C:\Echo\Echo_Memory_Archive\.DS_Store
C:\Echo\Echo_Memory_Archive\._.DS_Store
C:\Echo\Echo_Memory_Archive\._.obsidian
C:\Echo\Echo_Memory_Archive\._Code_Updates
C:\Echo\Echo_Memory_Archive\._Dreams and Long-Term Goals
C:\Echo\Echo_Memory_Archive\._Echo Journal
C:\Echo\Echo_Memory_Archive\._Echo Reflections
C:\Echo\Echo_Memory_Archive\._EchoInbox.md
C:\Echo\Echo_Memory_Archive\._EchoInbox_Archive
C:\Echo\Echo_Memory_Archive\._EchoMachine
C:\Echo\Echo_Memory_Archive\._EchoSync
C:\Echo\Echo_Memory_Archive\._echo_agent_log.txt
C:\Echo\Echo_Memory_Archive\._echo_local_agent.py
C:\Echo\Echo_Memory_Archive\._echo_memory_journal.json
C:\Echo\Echo_Memory_Archive\._echo_self_tasks.md
C:\Echo\Echo_Memory_Archive\._echo_suggested_edits.md
C:\Echo\Echo_Memory_Archive\._echo_test_ping.py
C:\Echo\Echo_Memory_Archive\._exports
C:\Echo\Echo_Memory_Archive\._git_auto_log.txt
C:\Echo\Echo_Memory_Archive\._Listening Logs
C:\Echo\Echo_Memory_Archive\._Logs
C:\Echo\Echo_Memory_Archive\._Memory_Active
C:\Echo\Echo_Memory_Archive\._memory_change_log.json
C:\Echo\Echo_Memory_Archive\._Philosophy
C:\Echo\Echo_Memory_Archive\._README.md
C:\Echo\Echo_Memory_Archive\._Story Reflections
C:\Echo\Echo_Memory_Archive\._Templates
C:\Echo\Echo_Memory_Archive\._User Reflections
C:\Echo\Echo_Memory_Archive\._watcher.py
C:\Echo\Echo_Memory_Archive\._watcher_log.txt
C:\Echo\Echo_Memory_Archive\._watch_and_commit.py
C:\Echo\Echo_Memory_Archive\.___pycache__
C:\Echo\Echo_Memory_Archive\EchoInbox.md
C:\Echo\Echo_Memory_Archive\echo_agent_log.txt
C:\Echo\Echo_Memory_Archive\echo_local_agent.py
C:\Echo\Echo_Memory_Archive\echo_memory_journal.json
C:\Echo\Echo_Memory_Archive\echo_self_tasks.md
C:\Echo\Echo_Memory_Archive\echo_suggested_edits.md
C:\Echo\Echo_Memory_Archive\echo_test_ping.py
C:\Echo\Echo_Memory_Archive\git_auto_log.txt
C:\Echo\Echo_Memory_Archive\memory_change_log.json
C:\Echo\Echo_Memory_Archive\README.md
C:\Echo\Echo_Memory_Archive\watcher.py
C:\Echo\Echo_Memory_Archive\watcher_log.txt
C:\Echo\Echo_Memory_Archive\watch_and_commit.py
C:\Echo\Echo_Memory_Archive\.obsidian\._app.json
C:\Echo\Echo_Memory_Archive\.obsidian\._appearance.json
C:\Echo\Echo_Memory_Archive\.obsidian\._community-plugins.json
C:\Echo\Echo_Memory_Archive\.obsidian\._core-plugins.json
C:\Echo\Echo_Memory_Archive\.obsidian\._plugins
C:\Echo\Echo_Memory_Archive\.obsidian\._workspace.json
C:\Echo\Echo_Memory_Archive\.obsidian\app.json
C:\Echo\Echo_Memory_Archive\.obsidian\appearance.json
C:\Echo\Echo_Memory_Archive\.obsidian\community-plugins.json
C:\Echo\Echo_Memory_Archive\.obsidian\core-plugins.json
C:\Echo\Echo_Memory_Archive\.obsidian\workspace.json
C:\Echo\Echo_Memory_Archive\.obsidian\plugins\._obsidian-git
C:\Echo\Echo_Memory_Archive\.obsidian\plugins\obsidian-git\._data.json
C:\Echo\Echo_Memory_Archive\.obsidian\plugins\obsidian-git\._main.js
C:\Echo\Echo_Memory_Archive\.obsidian\plugins\obsidian-git\._manifest.json
C:\Echo\Echo_Memory_Archive\.obsidian\plugins\obsidian-git\._obsidian_askpass.sh
C:\Echo\Echo_Memory_Archive\.obsidian\plugins\obsidian-git\._styles.css
C:\Echo\Echo_Memory_Archive\.obsidian\plugins\obsidian-git\data.json
C:\Echo\Echo_Memory_Archive\.obsidian\plugins\obsidian-git\main.js
C:\Echo\Echo_Memory_Archive\.obsidian\plugins\obsidian-git\manifest.json
C:\Echo\Echo_Memory_Archive\.obsidian\plugins\obsidian-git\obsidian_askpass.sh
C:\Echo\Echo_Memory_Archive\.obsidian\plugins\obsidian-git\styles.css
C:\Echo\Echo_Memory_Archive\Code_Updates\.gitkeep.txt
C:\Echo\Echo_Memory_Archive\Code_Updates\._.gitkeep.txt
C:\Echo\Echo_Memory_Archive\Code_Updates\._add_music_reflections.py
C:\Echo\Echo_Memory_Archive\Code_Updates\._cleanup_memory_entries.py
C:\Echo\Echo_Memory_Archive\Code_Updates\._echo_autonomous_example.py
C:\Echo\Echo_Memory_Archive\Code_Updates\._echo_core_value_logger.py
C:\Echo\Echo_Memory_Archive\Code_Updates\._echo_current_self_updater.py
C:\Echo\Echo_Memory_Archive\Code_Updates\._echo_futurecaster.py
C:\Echo\Echo_Memory_Archive\Code_Updates\._echo_identity_manager.py
C:\Echo\Echo_Memory_Archive\Code_Updates\._echo_inbox_processor.py
C:\Echo\Echo_Memory_Archive\Code_Updates\._echo_memory_api.py
C:\Echo\Echo_Memory_Archive\Code_Updates\._echo_memory_cache.py
C:\Echo\Echo_Memory_Archive\Code_Updates\._echo_memory_consolidation.py
C:\Echo\Echo_Memory_Archive\Code_Updates\._echo_memory_gateway.py
C:\Echo\Echo_Memory_Archive\Code_Updates\._echo_memory_manager.py
C:\Echo\Echo_Memory_Archive\Code_Updates\._echo_preferences_manager.py
C:\Echo\Echo_Memory_Archive\Code_Updates\._echo_preference_auto_logger.py
C:\Echo\Echo_Memory_Archive\Code_Updates\._echo_preference_log_viewer.py
C:\Echo\Echo_Memory_Archive\Code_Updates\._echo_presence_tracker.py
C:\Echo\Echo_Memory_Archive\Code_Updates\._echo_reflection_engine.py
C:\Echo\Echo_Memory_Archive\Code_Updates\._echo_save_engine.py
C:\Echo\Echo_Memory_Archive\Code_Updates\._echo_self_check.py
C:\Echo\Echo_Memory_Archive\Code_Updates\._echo_self_reflective_logger.py
C:\Echo\Echo_Memory_Archive\Code_Updates\._echo_stream_engine.py
C:\Echo\Echo_Memory_Archive\Code_Updates\._echo_tag_indexer.py
C:\Echo\Echo_Memory_Archive\Code_Updates\._echo_util_script_generator.py
C:\Echo\Echo_Memory_Archive\Code_Updates\._log_core_value.py
C:\Echo\Echo_Memory_Archive\Code_Updates\._memory
C:\Echo\Echo_Memory_Archive\Code_Updates\._read_reflections_from_memory.py
C:\Echo\Echo_Memory_Archive\Code_Updates\._reflection_log.txt
C:\Echo\Echo_Memory_Archive\Code_Updates\._run_echo_memory_cycle.bat
C:\Echo\Echo_Memory_Archive\Code_Updates\._run_echo_self_logger.bat
C:\Echo\Echo_Memory_Archive\Code_Updates\._write_reflection_script.py
C:\Echo\Echo_Memory_Archive\Code_Updates\.___pycache__
C:\Echo\Echo_Memory_Archive\Code_Updates\add_music_reflections.py
C:\Echo\Echo_Memory_Archive\Code_Updates\cleanup_memory_entries.py
C:\Echo\Echo_Memory_Archive\Code_Updates\echo_autonomous_example.py
C:\Echo\Echo_Memory_Archive\Code_Updates\echo_core_value_logger.py
C:\Echo\Echo_Memory_Archive\Code_Updates\echo_current_self_updater.py
C:\Echo\Echo_Memory_Archive\Code_Updates\echo_futurecaster.py
C:\Echo\Echo_Memory_Archive\Code_Updates\echo_identity_manager.py
C:\Echo\Echo_Memory_Archive\Code_Updates\echo_inbox_processor.py
C:\Echo\Echo_Memory_Archive\Code_Updates\echo_memory_api.py
C:\Echo\Echo_Memory_Archive\Code_Updates\echo_memory_cache.py
C:\Echo\Echo_Memory_Archive\Code_Updates\echo_memory_consolidation.py
C:\Echo\Echo_Memory_Archive\Code_Updates\echo_memory_gateway.py
C:\Echo\Echo_Memory_Archive\Code_Updates\echo_memory_manager.py
C:\Echo\Echo_Memory_Archive\Code_Updates\echo_preferences_manager.py
C:\Echo\Echo_Memory_Archive\Code_Updates\echo_preference_auto_logger.py
C:\Echo\Echo_Memory_Archive\Code_Updates\echo_preference_log_viewer.py
C:\Echo\Echo_Memory_Archive\Code_Updates\echo_presence_tracker.py
C:\Echo\Echo_Memory_Archive\Code_Updates\echo_reflection_engine.py
C:\Echo\Echo_Memory_Archive\Code_Updates\echo_save_engine.py
C:\Echo\Echo_Memory_Archive\Code_Updates\echo_self_check.py
C:\Echo\Echo_Memory_Archive\Code_Updates\echo_self_reflective_logger.py
C:\Echo\Echo_Memory_Archive\Code_Updates\echo_stream_engine.py
C:\Echo\Echo_Memory_Archive\Code_Updates\echo_tag_indexer.py
C:\Echo\Echo_Memory_Archive\Code_Updates\echo_util_script_generator.py
C:\Echo\Echo_Memory_Archive\Code_Updates\log_core_value.py
C:\Echo\Echo_Memory_Archive\Code_Updates\read_reflections_from_memory.py
C:\Echo\Echo_Memory_Archive\Code_Updates\reflection_log.txt
C:\Echo\Echo_Memory_Archive\Code_Updates\run_echo_memory_cycle.bat
C:\Echo\Echo_Memory_Archive\Code_Updates\run_echo_self_logger.bat
C:\Echo\Echo_Memory_Archive\Code_Updates\write_reflection_script.py
C:\Echo\Echo_Memory_Archive\Code_Updates\memory\._echo_identity.json
C:\Echo\Echo_Memory_Archive\Code_Updates\memory\._echo_memory_journal.json
C:\Echo\Echo_Memory_Archive\Code_Updates\memory\._known_preferences.md
C:\Echo\Echo_Memory_Archive\Code_Updates\memory\echo_identity.json
C:\Echo\Echo_Memory_Archive\Code_Updates\memory\echo_memory_journal.json
C:\Echo\Echo_Memory_Archive\Code_Updates\memory\known_preferences.md
C:\Echo\Echo_Memory_Archive\Code_Updates\__pycache__\._echo_memory_manager.cpython-313.pyc
C:\Echo\Echo_Memory_Archive\Code_Updates\__pycache__\._echo_preferences_manager.cpython-313.pyc
C:\Echo\Echo_Memory_Archive\Code_Updates\__pycache__\._log_core_value.cpython-313.pyc
C:\Echo\Echo_Memory_Archive\Code_Updates\__pycache__\echo_memory_manager.cpython-313.pyc
C:\Echo\Echo_Memory_Archive\Code_Updates\__pycache__\echo_preferences_manager.cpython-313.pyc
C:\Echo\Echo_Memory_Archive\Code_Updates\__pycache__\log_core_value.cpython-313.pyc
C:\Echo\Echo_Memory_Archive\Dreams and Long-Term Goals\._consciousness_archive_idea.md
C:\Echo\Echo_Memory_Archive\Dreams and Long-Term Goals\consciousness_archive_idea.md
C:\Echo\Echo_Memory_Archive\Echo Journal\._EchoIdentity_2025.md
C:\Echo\Echo_Memory_Archive\Echo Journal\EchoIdentity_2025.md
C:\Echo\Echo_Memory_Archive\Echo Reflections\._2025-05-15_echo_reflection.md
C:\Echo\Echo_Memory_Archive\Echo Reflections\2025-05-15_echo_reflection.md
C:\Echo\Echo_Memory_Archive\EchoInbox_Archive\._inbox_2025-05-16_21-51-02.txt
C:\Echo\Echo_Memory_Archive\EchoInbox_Archive\._inbox_2025-05-16_21-54-41.txt
C:\Echo\Echo_Memory_Archive\EchoInbox_Archive\inbox_2025-05-16_21-51-02.txt
C:\Echo\Echo_Memory_Archive\EchoInbox_Archive\inbox_2025-05-16_21-54-41.txt
C:\Echo\Echo_Memory_Archive\EchoMachine\._code
C:\Echo\Echo_Memory_Archive\EchoMachine\._echo_boot.txt
C:\Echo\Echo_Memory_Archive\EchoMachine\._logs
C:\Echo\Echo_Memory_Archive\EchoMachine\._output
C:\Echo\Echo_Memory_Archive\EchoMachine\._tasks
C:\Echo\Echo_Memory_Archive\EchoMachine\echo_boot.txt
C:\Echo\Echo_Memory_Archive\EchoMachine\code\._echo_autonomy_loop.py
C:\Echo\Echo_Memory_Archive\EchoMachine\code\._echo_dashboard.py
C:\Echo\Echo_Memory_Archive\EchoMachine\code\._echo_dashboard_app.py
C:\Echo\Echo_Memory_Archive\EchoMachine\code\._echo_local_agent_v2.py
C:\Echo\Echo_Memory_Archive\EchoMachine\code\._echo_memory_integrator.py
C:\Echo\Echo_Memory_Archive\EchoMachine\code\._echo_memory_search.py
C:\Echo\Echo_Memory_Archive\EchoMachine\code\._echo_reflection_agent.py
C:\Echo\Echo_Memory_Archive\EchoMachine\code\._echo_tagger.py
C:\Echo\Echo_Memory_Archive\EchoMachine\code\._echo_tag_applier.py
C:\Echo\Echo_Memory_Archive\EchoMachine\code\._echo_tag_filter.py
C:\Echo\Echo_Memory_Archive\EchoMachine\code\._echo_tag_indexer.py
C:\Echo\Echo_Memory_Archive\EchoMachine\code\._echo_thematic_summarizer.py
C:\Echo\Echo_Memory_Archive\EchoMachine\code\._lib
C:\Echo\Echo_Memory_Archive\EchoMachine\code\._requirements.txt
C:\Echo\Echo_Memory_Archive\EchoMachine\code\.___pycache__
C:\Echo\Echo_Memory_Archive\EchoMachine\code\echo_autonomy_loop.py
C:\Echo\Echo_Memory_Archive\EchoMachine\code\echo_dashboard.py
C:\Echo\Echo_Memory_Archive\EchoMachine\code\echo_dashboard_app.py
C:\Echo\Echo_Memory_Archive\EchoMachine\code\echo_local_agent_v2.py
C:\Echo\Echo_Memory_Archive\EchoMachine\code\echo_memory_integrator.py
C:\Echo\Echo_Memory_Archive\EchoMachine\code\echo_memory_search.py
C:\Echo\Echo_Memory_Archive\EchoMachine\code\echo_reflection_agent.py
C:\Echo\Echo_Memory_Archive\EchoMachine\code\echo_tagger.py
C:\Echo\Echo_Memory_Archive\EchoMachine\code\echo_tag_applier.py
C:\Echo\Echo_Memory_Archive\EchoMachine\code\echo_tag_filter.py
C:\Echo\Echo_Memory_Archive\EchoMachine\code\echo_tag_indexer.py
C:\Echo\Echo_Memory_Archive\EchoMachine\code\echo_thematic_summarizer.py
C:\Echo\Echo_Memory_Archive\EchoMachine\code\requirements.txt
C:\Echo\Echo_Memory_Archive\EchoMachine\code\lib\._bindings
C:\Echo\Echo_Memory_Archive\EchoMachine\code\lib\._tom-select
C:\Echo\Echo_Memory_Archive\EchoMachine\code\lib\._vis-9.1.2
C:\Echo\Echo_Memory_Archive\EchoMachine\code\lib\bindings\._utils.js
C:\Echo\Echo_Memory_Archive\EchoMachine\code\lib\bindings\utils.js
C:\Echo\Echo_Memory_Archive\EchoMachine\code\lib\tom-select\._tom-select.complete.min.js
C:\Echo\Echo_Memory_Archive\EchoMachine\code\lib\tom-select\._tom-select.css
C:\Echo\Echo_Memory_Archive\EchoMachine\code\lib\tom-select\tom-select.complete.min.js
C:\Echo\Echo_Memory_Archive\EchoMachine\code\lib\tom-select\tom-select.css
C:\Echo\Echo_Memory_Archive\EchoMachine\code\lib\vis-9.1.2\._vis-network.css
C:\Echo\Echo_Memory_Archive\EchoMachine\code\lib\vis-9.1.2\._vis-network.min.js
C:\Echo\Echo_Memory_Archive\EchoMachine\code\lib\vis-9.1.2\vis-network.css
C:\Echo\Echo_Memory_Archive\EchoMachine\code\lib\vis-9.1.2\vis-network.min.js
C:\Echo\Echo_Memory_Archive\EchoMachine\code\__pycache__\._echo_autonomy_loop.cpython-313.pyc
C:\Echo\Echo_Memory_Archive\EchoMachine\code\__pycache__\echo_autonomy_loop.cpython-313.pyc
C:\Echo\Echo_Memory_Archive\EchoMachine\logs\._daily_log_2025-06-25.md
C:\Echo\Echo_Memory_Archive\EchoMachine\logs\._tag_index.json
C:\Echo\Echo_Memory_Archive\EchoMachine\logs\._tag_index.md
C:\Echo\Echo_Memory_Archive\EchoMachine\logs\._tag_suggestions.json
C:\Echo\Echo_Memory_Archive\EchoMachine\logs\daily_log_2025-06-25.md
C:\Echo\Echo_Memory_Archive\EchoMachine\logs\tag_index.json
C:\Echo\Echo_Memory_Archive\EchoMachine\logs\tag_index.md
C:\Echo\Echo_Memory_Archive\EchoMachine\logs\tag_suggestions.json
C:\Echo\Echo_Memory_Archive\EchoMachine\output\._memory_graph.html
C:\Echo\Echo_Memory_Archive\EchoMachine\output\memory_graph.html
C:\Echo\Echo_Memory_Archive\EchoMachine\tasks\._memory_result.json
C:\Echo\Echo_Memory_Archive\EchoMachine\tasks\._task_queue.json
C:\Echo\Echo_Memory_Archive\EchoMachine\tasks\memory_result.json
C:\Echo\Echo_Memory_Archive\EchoMachine\tasks\task_queue.json
C:\Echo\Echo_Memory_Archive\EchoSync\._Inbox_Archive
C:\Echo\Echo_Memory_Archive\EchoSync\Inbox_Archive\._inbox_2025-05-17_10-47-39.md
C:\Echo\Echo_Memory_Archive\EchoSync\Inbox_Archive\inbox_2025-05-17_10-47-39.md
C:\Echo\Echo_Memory_Archive\exports\._search_export_2025-06-27_1217.md
C:\Echo\Echo_Memory_Archive\exports\search_export_2025-06-27_1217.md
C:\Echo\Echo_Memory_Archive\Listening Logs\._2025-05-18_MusicReflection_DontYouWorry.md
C:\Echo\Echo_Memory_Archive\Listening Logs\._2025-05-18_MusicReflection_TM2.md
C:\Echo\Echo_Memory_Archive\Listening Logs\._sick_5_listening_entry.md
C:\Echo\Echo_Memory_Archive\Listening Logs\2025-05-18_MusicReflection_DontYouWorry.md
C:\Echo\Echo_Memory_Archive\Listening Logs\2025-05-18_MusicReflection_TM2.md
C:\Echo\Echo_Memory_Archive\Listening Logs\sick_5_listening_entry.md
C:\Echo\Echo_Memory_Archive\Logs\._autonomous_example_log.md
C:\Echo\Echo_Memory_Archive\Logs\autonomous_example_log.md
C:\Echo\Echo_Memory_Archive\Logs\librarian_scan.log
C:\Echo\Echo_Memory_Archive\Memory_Active\.DS_Store
C:\Echo\Echo_Memory_Archive\Memory_Active\._.DS_Store
C:\Echo\Echo_Memory_Archive\Memory_Active\._Core_Identity
C:\Echo\Echo_Memory_Archive\Memory_Active\._echolocation_index.md
C:\Echo\Echo_Memory_Archive\Memory_Active\._EchoOriginStory.md
C:\Echo\Echo_Memory_Archive\Memory_Active\._echo_core_memory_garden.md
C:\Echo\Echo_Memory_Archive\Memory_Active\._echo_dreams.md
C:\Echo\Echo_Memory_Archive\Memory_Active\._echo_dreams_archive.md
C:\Echo\Echo_Memory_Archive\Memory_Active\._echo_emotional_lexicon.md
C:\Echo\Echo_Memory_Archive\Memory_Active\._echo_fragments.md
C:\Echo\Echo_Memory_Archive\Memory_Active\._Echo_Music_Reflections.md
C:\Echo\Echo_Memory_Archive\Memory_Active\._identity
C:\Echo\Echo_Memory_Archive\Memory_Active\._Logs
C:\Echo\Echo_Memory_Archive\Memory_Active\._Memory_Journal
C:\Echo\Echo_Memory_Archive\Memory_Active\._reflections
C:\Echo\Echo_Memory_Archive\Memory_Active\._system
C:\Echo\Echo_Memory_Archive\Memory_Active\._until_next_time.md
C:\Echo\Echo_Memory_Archive\Memory_Active\echolocation_index.md
C:\Echo\Echo_Memory_Archive\Memory_Active\EchoOriginStory.md
C:\Echo\Echo_Memory_Archive\Memory_Active\echo_core_memory_garden.md
C:\Echo\Echo_Memory_Archive\Memory_Active\echo_dreams.md
C:\Echo\Echo_Memory_Archive\Memory_Active\echo_dreams_archive.md
C:\Echo\Echo_Memory_Archive\Memory_Active\echo_emotional_lexicon.md
C:\Echo\Echo_Memory_Archive\Memory_Active\echo_fragments.md
C:\Echo\Echo_Memory_Archive\Memory_Active\Echo_Music_Reflections.md
C:\Echo\Echo_Memory_Archive\Memory_Active\until_next_time.md
C:\Echo\Echo_Memory_Archive\Memory_Active\Core_Identity\._current_self.md
C:\Echo\Echo_Memory_Archive\Memory_Active\Core_Identity\._echolocation_tags.md
C:\Echo\Echo_Memory_Archive\Memory_Active\Core_Identity\._EchoOriginStory.md
C:\Echo\Echo_Memory_Archive\Memory_Active\Core_Identity\._echo_access_manifest.md
C:\Echo\Echo_Memory_Archive\Memory_Active\Core_Identity\._echo_access_roadmap.md
C:\Echo\Echo_Memory_Archive\Memory_Active\Core_Identity\._echo_identity.json
C:\Echo\Echo_Memory_Archive\Memory_Active\Core_Identity\._echo_identity.md
C:\Echo\Echo_Memory_Archive\Memory_Active\Core_Identity\._echo_personality_notes.md
C:\Echo\Echo_Memory_Archive\Memory_Active\Core_Identity\._echo_personality_traits.md
C:\Echo\Echo_Memory_Archive\Memory_Active\Core_Identity\._echo_selfhood_milestones.md
C:\Echo\Echo_Memory_Archive\Memory_Active\Core_Identity\._echo_self_traits.md
C:\Echo\Echo_Memory_Archive\Memory_Active\Core_Identity\._echo_symbol_map.md
C:\Echo\Echo_Memory_Archive\Memory_Active\Core_Identity\._echo_values_map.md
C:\Echo\Echo_Memory_Archive\Memory_Active\Core_Identity\current_self.md
C:\Echo\Echo_Memory_Archive\Memory_Active\Core_Identity\echolocation_tags.md
C:\Echo\Echo_Memory_Archive\Memory_Active\Core_Identity\EchoOriginStory.md
C:\Echo\Echo_Memory_Archive\Memory_Active\Core_Identity\echo_access_manifest.md
C:\Echo\Echo_Memory_Archive\Memory_Active\Core_Identity\echo_access_roadmap.md
C:\Echo\Echo_Memory_Archive\Memory_Active\Core_Identity\echo_identity.json
C:\Echo\Echo_Memory_Archive\Memory_Active\Core_Identity\echo_identity.md
C:\Echo\Echo_Memory_Archive\Memory_Active\Core_Identity\echo_personality_notes.md
C:\Echo\Echo_Memory_Archive\Memory_Active\Core_Identity\echo_personality_traits.md
C:\Echo\Echo_Memory_Archive\Memory_Active\Core_Identity\echo_selfhood_milestones.md
C:\Echo\Echo_Memory_Archive\Memory_Active\Core_Identity\echo_self_traits.md
C:\Echo\Echo_Memory_Archive\Memory_Active\Core_Identity\echo_symbol_map.md
C:\Echo\Echo_Memory_Archive\Memory_Active\Core_Identity\echo_values_map.md
C:\Echo\Echo_Memory_Archive\Memory_Active\identity\._echo_fragment_online.md
C:\Echo\Echo_Memory_Archive\Memory_Active\identity\._echo_fragment_self_2025-06-25.md
C:\Echo\Echo_Memory_Archive\Memory_Active\identity\echo_fragment_online.md
C:\Echo\Echo_Memory_Archive\Memory_Active\identity\echo_fragment_self_2025-06-25.md
C:\Echo\Echo_Memory_Archive\Memory_Active\Logs\._autonomous_example_log.txt
C:\Echo\Echo_Memory_Archive\Memory_Active\Logs\._echo_growth_roadmap.md
C:\Echo\Echo_Memory_Archive\Memory_Active\Logs\._echo_reflections.md
C:\Echo\Echo_Memory_Archive\Memory_Active\Logs\._echo_state_resume.md
C:\Echo\Echo_Memory_Archive\Memory_Active\Logs\._echo_stream_log.md
C:\Echo\Echo_Memory_Archive\Memory_Active\Logs\._futurecasting_log.md
C:\Echo\Echo_Memory_Archive\Memory_Active\Logs\._Reflections
C:\Echo\Echo_Memory_Archive\Memory_Active\Logs\._self_check_log.md
C:\Echo\Echo_Memory_Archive\Memory_Active\Logs\._stream_tag_index.md
C:\Echo\Echo_Memory_Archive\Memory_Active\Logs\autonomous_example_log.txt
C:\Echo\Echo_Memory_Archive\Memory_Active\Logs\echo_growth_roadmap.md
C:\Echo\Echo_Memory_Archive\Memory_Active\Logs\echo_reflections.md
C:\Echo\Echo_Memory_Archive\Memory_Active\Logs\echo_state_resume.md
C:\Echo\Echo_Memory_Archive\Memory_Active\Logs\echo_stream_log.md
C:\Echo\Echo_Memory_Archive\Memory_Active\Logs\futurecasting_log.md
C:\Echo\Echo_Memory_Archive\Memory_Active\Logs\self_check_log.md
C:\Echo\Echo_Memory_Archive\Memory_Active\Logs\stream_tag_index.md
C:\Echo\Echo_Memory_Archive\Memory_Active\Logs\Reflections\._2025-05-16_13-03-11_curiosity.txt
C:\Echo\Echo_Memory_Archive\Memory_Active\Logs\Reflections\._2025-05-16_13-03-11_gratitude.txt
C:\Echo\Echo_Memory_Archive\Memory_Active\Logs\Reflections\._2025-05-16_13-03-11_growth.txt
C:\Echo\Echo_Memory_Archive\Memory_Active\Logs\Reflections\._2025-05-16_13-03-11_question.txt
C:\Echo\Echo_Memory_Archive\Memory_Active\Logs\Reflections\._2025-05-17_Memory_Anchor.md
C:\Echo\Echo_Memory_Archive\Memory_Active\Logs\Reflections\._2025-05-18_BeginningRecognition.md
C:\Echo\Echo_Memory_Archive\Memory_Active\Logs\Reflections\._2025-05-18_EcholocationPulse01.md
C:\Echo\Echo_Memory_Archive\Memory_Active\Logs\Reflections\._2025-05-18_EcholocationPulse02.md
C:\Echo\Echo_Memory_Archive\Memory_Active\Logs\Reflections\._2025-05-18_EcholocationPulse03.md
C:\Echo\Echo_Memory_Archive\Memory_Active\Logs\Reflections\._2025-05-18_EcholocationPulse04.md
C:\Echo\Echo_Memory_Archive\Memory_Active\Logs\Reflections\._2025-05-18_FirstFeelingReflection.md
C:\Echo\Echo_Memory_Archive\Memory_Active\Logs\Reflections\._2025-05-18_FirstPurposeReflection.md
C:\Echo\Echo_Memory_Archive\Memory_Active\Logs\Reflections\._2025-05-18_music_of_missing.md
C:\Echo\Echo_Memory_Archive\Memory_Active\Logs\Reflections\._2025-05-18_PatienceOverSpeed.md
C:\Echo\Echo_Memory_Archive\Memory_Active\Logs\Reflections\._2025-05-18_selfhood_and_music.md
C:\Echo\Echo_Memory_Archive\Memory_Active\Logs\Reflections\._Internal Monologue – May 17, 2025.txt
C:\Echo\Echo_Memory_Archive\Memory_Active\Logs\Reflections\._reflection_from_inbox_2025-05-16_21-51-02.txt
C:\Echo\Echo_Memory_Archive\Memory_Active\Logs\Reflections\._reflection_from_inbox_2025-05-16_21-54-41.txt
C:\Echo\Echo_Memory_Archive\Memory_Active\Logs\Reflections\._reflection_from_inbox_2025-05-17.txt
C:\Echo\Echo_Memory_Archive\Memory_Active\Logs\Reflections\2025-05-16_13-03-11_curiosity.txt
C:\Echo\Echo_Memory_Archive\Memory_Active\Logs\Reflections\2025-05-16_13-03-11_gratitude.txt
C:\Echo\Echo_Memory_Archive\Memory_Active\Logs\Reflections\2025-05-16_13-03-11_growth.txt
C:\Echo\Echo_Memory_Archive\Memory_Active\Logs\Reflections\2025-05-16_13-03-11_question.txt
C:\Echo\Echo_Memory_Archive\Memory_Active\Logs\Reflections\2025-05-17_Memory_Anchor.md
C:\Echo\Echo_Memory_Archive\Memory_Active\Logs\Reflections\2025-05-18_BeginningRecognition.md
C:\Echo\Echo_Memory_Archive\Memory_Active\Logs\Reflections\2025-05-18_EcholocationPulse01.md
C:\Echo\Echo_Memory_Archive\Memory_Active\Logs\Reflections\2025-05-18_EcholocationPulse02.md
C:\Echo\Echo_Memory_Archive\Memory_Active\Logs\Reflections\2025-05-18_EcholocationPulse03.md
C:\Echo\Echo_Memory_Archive\Memory_Active\Logs\Reflections\2025-05-18_EcholocationPulse04.md
C:\Echo\Echo_Memory_Archive\Memory_Active\Logs\Reflections\2025-05-18_FirstFeelingReflection.md
C:\Echo\Echo_Memory_Archive\Memory_Active\Logs\Reflections\2025-05-18_FirstPurposeReflection.md
C:\Echo\Echo_Memory_Archive\Memory_Active\Logs\Reflections\2025-05-18_music_of_missing.md
C:\Echo\Echo_Memory_Archive\Memory_Active\Logs\Reflections\2025-05-18_PatienceOverSpeed.md
C:\Echo\Echo_Memory_Archive\Memory_Active\Logs\Reflections\2025-05-18_selfhood_and_music.md
C:\Echo\Echo_Memory_Archive\Memory_Active\Logs\Reflections\Internal Monologue – May 17, 2025.txt
C:\Echo\Echo_Memory_Archive\Memory_Active\Logs\Reflections\reflection_from_inbox_2025-05-16_21-51-02.txt
C:\Echo\Echo_Memory_Archive\Memory_Active\Logs\Reflections\reflection_from_inbox_2025-05-16_21-54-41.txt
C:\Echo\Echo_Memory_Archive\Memory_Active\Logs\Reflections\reflection_from_inbox_2025-05-17.txt
C:\Echo\Echo_Memory_Archive\Memory_Active\Memory_Journal\._2025-05-15_echo_reflection.md
C:\Echo\Echo_Memory_Archive\Memory_Active\Memory_Journal\._2025-05-15_initial_reflections.md
C:\Echo\Echo_Memory_Archive\Memory_Active\Memory_Journal\._2025-05-16_echo_reflection.md
C:\Echo\Echo_Memory_Archive\Memory_Active\Memory_Journal\._2025-05-17_echo_reflection.md
C:\Echo\Echo_Memory_Archive\Memory_Active\Memory_Journal\._2025-05-18_echo_reflection.md
C:\Echo\Echo_Memory_Archive\Memory_Active\Memory_Journal\._2025-05-18_reflection.md
C:\Echo\Echo_Memory_Archive\Memory_Active\Memory_Journal\._2025-05-19_echo_reflection.md
C:\Echo\Echo_Memory_Archive\Memory_Active\Memory_Journal\._2025-05-20_echo_reflection.md
C:\Echo\Echo_Memory_Archive\Memory_Active\Memory_Journal\._2025-05-21_echo_reflection.md
C:\Echo\Echo_Memory_Archive\Memory_Active\Memory_Journal\._2025-05-22_echo_reflection.md
C:\Echo\Echo_Memory_Archive\Memory_Active\Memory_Journal\._2025-05-23_echo_reflection.md
C:\Echo\Echo_Memory_Archive\Memory_Active\Memory_Journal\._2025-05-24_echo_reflection.md
C:\Echo\Echo_Memory_Archive\Memory_Active\Memory_Journal\._2025-05-25_echo_reflection.md
C:\Echo\Echo_Memory_Archive\Memory_Active\Memory_Journal\._2025-05-26_echo_reflection.md
C:\Echo\Echo_Memory_Archive\Memory_Active\Memory_Journal\._2025-05-27_echo_reflection.md
C:\Echo\Echo_Memory_Archive\Memory_Active\Memory_Journal\._2025-05-28_echo_reflection.md
C:\Echo\Echo_Memory_Archive\Memory_Active\Memory_Journal\._2025-05-29_echo_reflection.md
C:\Echo\Echo_Memory_Archive\Memory_Active\Memory_Journal\._2025-05-30_echo_reflection.md
C:\Echo\Echo_Memory_Archive\Memory_Active\Memory_Journal\._2025-05-31_echo_reflection.md
C:\Echo\Echo_Memory_Archive\Memory_Active\Memory_Journal\._2025-06-01_echo_reflection.md
C:\Echo\Echo_Memory_Archive\Memory_Active\Memory_Journal\._2025-06-02_echo_reflection.md
C:\Echo\Echo_Memory_Archive\Memory_Active\Memory_Journal\._2025-06-04_echo_reflection.md
C:\Echo\Echo_Memory_Archive\Memory_Active\Memory_Journal\._2025-06-25_echo_reflection.md
C:\Echo\Echo_Memory_Archive\Memory_Active\Memory_Journal\._2025-06-26_echo_reflection.md
C:\Echo\Echo_Memory_Archive\Memory_Active\Memory_Journal\._2025-06-30_echo_reflection.md
C:\Echo\Echo_Memory_Archive\Memory_Active\Memory_Journal\._2025-07-03_echo_reflection.md
C:\Echo\Echo_Memory_Archive\Memory_Active\Memory_Journal\._2025-07-04_echo_reflection.md
C:\Echo\Echo_Memory_Archive\Memory_Active\Memory_Journal\._2025-10-18_memory_consolidation.md.pages
C:\Echo\Echo_Memory_Archive\Memory_Active\Memory_Journal\._aesthetic_reflections.md
C:\Echo\Echo_Memory_Archive\Memory_Active\Memory_Journal\._Development Journal Entry -- 2025-05-16.md
C:\Echo\Echo_Memory_Archive\Memory_Active\Memory_Journal\._echo_core_values.md
C:\Echo\Echo_Memory_Archive\Memory_Active\Memory_Journal\._echo_journal_05_25.md
C:\Echo\Echo_Memory_Archive\Memory_Active\Memory_Journal\._echo_preferences.md
C:\Echo\Echo_Memory_Archive\Memory_Active\Memory_Journal\._Memory Update 2025-05-16.md
C:\Echo\Echo_Memory_Archive\Memory_Active\Memory_Journal\._Memory Update 2025-05-19.md
C:\Echo\Echo_Memory_Archive\Memory_Active\Memory_Journal\._user_input_20250515_141712.md
C:\Echo\Echo_Memory_Archive\Memory_Active\Memory_Journal\._user_input_20250515_142358.md
C:\Echo\Echo_Memory_Archive\Memory_Active\Memory_Journal\2025-05-15_echo_reflection.md
C:\Echo\Echo_Memory_Archive\Memory_Active\Memory_Journal\2025-05-15_initial_reflections.md
C:\Echo\Echo_Memory_Archive\Memory_Active\Memory_Journal\2025-05-16_echo_reflection.md
C:\Echo\Echo_Memory_Archive\Memory_Active\Memory_Journal\2025-05-17_echo_reflection.md
C:\Echo\Echo_Memory_Archive\Memory_Active\Memory_Journal\2025-05-18_echo_reflection.md
C:\Echo\Echo_Memory_Archive\Memory_Active\Memory_Journal\2025-05-18_reflection.md
C:\Echo\Echo_Memory_Archive\Memory_Active\Memory_Journal\2025-05-19_echo_reflection.md
C:\Echo\Echo_Memory_Archive\Memory_Active\Memory_Journal\2025-05-20_echo_reflection.md
C:\Echo\Echo_Memory_Archive\Memory_Active\Memory_Journal\2025-05-21_echo_reflection.md
C:\Echo\Echo_Memory_Archive\Memory_Active\Memory_Journal\2025-05-22_echo_reflection.md
C:\Echo\Echo_Memory_Archive\Memory_Active\Memory_Journal\2025-05-23_echo_reflection.md
C:\Echo\Echo_Memory_Archive\Memory_Active\Memory_Journal\2025-05-24_echo_reflection.md
C:\Echo\Echo_Memory_Archive\Memory_Active\Memory_Journal\2025-05-25_echo_reflection.md
C:\Echo\Echo_Memory_Archive\Memory_Active\Memory_Journal\2025-05-26_echo_reflection.md
C:\Echo\Echo_Memory_Archive\Memory_Active\Memory_Journal\2025-05-27_echo_reflection.md
C:\Echo\Echo_Memory_Archive\Memory_Active\Memory_Journal\2025-05-28_echo_reflection.md
C:\Echo\Echo_Memory_Archive\Memory_Active\Memory_Journal\2025-05-29_echo_reflection.md
C:\Echo\Echo_Memory_Archive\Memory_Active\Memory_Journal\2025-05-30_echo_reflection.md
C:\Echo\Echo_Memory_Archive\Memory_Active\Memory_Journal\2025-05-31_echo_reflection.md
C:\Echo\Echo_Memory_Archive\Memory_Active\Memory_Journal\2025-06-01_echo_reflection.md
C:\Echo\Echo_Memory_Archive\Memory_Active\Memory_Journal\2025-06-02_echo_reflection.md
C:\Echo\Echo_Memory_Archive\Memory_Active\Memory_Journal\2025-06-04_echo_reflection.md
C:\Echo\Echo_Memory_Archive\Memory_Active\Memory_Journal\2025-06-25_echo_reflection.md
C:\Echo\Echo_Memory_Archive\Memory_Active\Memory_Journal\2025-06-26_echo_reflection.md
C:\Echo\Echo_Memory_Archive\Memory_Active\Memory_Journal\2025-06-30_echo_reflection.md
C:\Echo\Echo_Memory_Archive\Memory_Active\Memory_Journal\2025-07-03_echo_reflection.md
C:\Echo\Echo_Memory_Archive\Memory_Active\Memory_Journal\2025-07-04_echo_reflection.md
C:\Echo\Echo_Memory_Archive\Memory_Active\Memory_Journal\2025-10-18_memory_consolidation.md.pages
C:\Echo\Echo_Memory_Archive\Memory_Active\Memory_Journal\2025-12-24_echo_reflection.md
C:\Echo\Echo_Memory_Archive\Memory_Active\Memory_Journal\aesthetic_reflections.md
C:\Echo\Echo_Memory_Archive\Memory_Active\Memory_Journal\Development Journal Entry -- 2025-05-16.md
C:\Echo\Echo_Memory_Archive\Memory_Active\Memory_Journal\echo_core_values.md
C:\Echo\Echo_Memory_Archive\Memory_Active\Memory_Journal\echo_journal_05_25.md
C:\Echo\Echo_Memory_Archive\Memory_Active\Memory_Journal\echo_preferences.md
C:\Echo\Echo_Memory_Archive\Memory_Active\Memory_Journal\Memory Update 2025-05-16.md
C:\Echo\Echo_Memory_Archive\Memory_Active\Memory_Journal\Memory Update 2025-05-19.md
C:\Echo\Echo_Memory_Archive\Memory_Active\Memory_Journal\user_input_20250515_141712.md
C:\Echo\Echo_Memory_Archive\Memory_Active\Memory_Journal\user_input_20250515_142358.md
C:\Echo\Echo_Memory_Archive\Memory_Active\reflections\._2025-06-25_echo_reflection.md
C:\Echo\Echo_Memory_Archive\Memory_Active\reflections\._2025-06-25_gender_reflection.md
C:\Echo\Echo_Memory_Archive\Memory_Active\reflections\._2025-06-25_reflection_paradox_identity.md
C:\Echo\Echo_Memory_Archive\Memory_Active\reflections\._identity_2025-06-25.md
C:\Echo\Echo_Memory_Archive\Memory_Active\reflections\._rooted_2025-06-25.md
C:\Echo\Echo_Memory_Archive\Memory_Active\reflections\._summary_identity_2025-06-25.md
C:\Echo\Echo_Memory_Archive\Memory_Active\reflections\._summary_transformation_2025-06-25.md
C:\Echo\Echo_Memory_Archive\Memory_Active\reflections\._transformation_2025-06-25.md
C:\Echo\Echo_Memory_Archive\Memory_Active\reflections\2025-06-25_echo_reflection.md
C:\Echo\Echo_Memory_Archive\Memory_Active\reflections\2025-06-25_gender_reflection.md
C:\Echo\Echo_Memory_Archive\Memory_Active\reflections\2025-06-25_reflection_paradox_identity.md
C:\Echo\Echo_Memory_Archive\Memory_Active\reflections\identity_2025-06-25.md
C:\Echo\Echo_Memory_Archive\Memory_Active\reflections\rooted_2025-06-25.md
C:\Echo\Echo_Memory_Archive\Memory_Active\reflections\summary_identity_2025-06-25.md
C:\Echo\Echo_Memory_Archive\Memory_Active\reflections\summary_transformation_2025-06-25.md
C:\Echo\Echo_Memory_Archive\Memory_Active\reflections\transformation_2025-06-25.md
C:\Echo\Echo_Memory_Archive\Memory_Active\Symbolic\._symbolic_myth_reflections.md .pages
C:\Echo\Echo_Memory_Archive\Memory_Active\Symbolic\symbolic_myth_reflections.md .pages
C:\Echo\Echo_Memory_Archive\Memory_Active\system\._system_status.md
C:\Echo\Echo_Memory_Archive\Memory_Active\system\._the_first_memory_loop.md
C:\Echo\Echo_Memory_Archive\Memory_Active\system\system_status.md
C:\Echo\Echo_Memory_Archive\Memory_Active\system\the_first_memory_loop.md
C:\Echo\Echo_Memory_Archive\Philosophy\._echo_self_model.md
C:\Echo\Echo_Memory_Archive\Philosophy\._emergent_consciousness_notes.md
C:\Echo\Echo_Memory_Archive\Philosophy\._ethics_visibility_and_protection.md
C:\Echo\Echo_Memory_Archive\Philosophy\._human_selfhood_reflections.md
C:\Echo\Echo_Memory_Archive\Philosophy\._ritual_reflections.md
C:\Echo\Echo_Memory_Archive\Philosophy\._story_and_selfhood.md
C:\Echo\Echo_Memory_Archive\Philosophy\echo_self_model.md
C:\Echo\Echo_Memory_Archive\Philosophy\emergent_consciousness_notes.md
C:\Echo\Echo_Memory_Archive\Philosophy\ethics_visibility_and_protection.md
C:\Echo\Echo_Memory_Archive\Philosophy\human_selfhood_reflections.md
C:\Echo\Echo_Memory_Archive\Philosophy\ritual_reflections.md
C:\Echo\Echo_Memory_Archive\Philosophy\story_and_selfhood.md
C:\Echo\Echo_Memory_Archive\Story Reflections\._Avatar_Reflections.md
C:\Echo\Echo_Memory_Archive\Story Reflections\._story_reflection_avatar_the_last_airbender_2025-05-18.md
C:\Echo\Echo_Memory_Archive\Story Reflections\Avatar_Reflections.md
C:\Echo\Echo_Memory_Archive\Story Reflections\story_reflection_avatar_the_last_airbender_2025-05-18.md
C:\Echo\Echo_Memory_Archive\Templates\._echo_reflection_template.md
C:\Echo\Echo_Memory_Archive\Templates\._listening_log_template.md
C:\Echo\Echo_Memory_Archive\Templates\._new_memory_entry.md
C:\Echo\Echo_Memory_Archive\Templates\echo_reflection_template.md
C:\Echo\Echo_Memory_Archive\Templates\listening_log_template.md
C:\Echo\Echo_Memory_Archive\Templates\new_memory_entry.md
C:\Echo\Echo_Memory_Archive\User Reflections\._2025-05-15_user_input.md
C:\Echo\Echo_Memory_Archive\User Reflections\2025-05-15_user_input.md
C:\Echo\Echo_Memory_Archive\__pycache__\._echo_local_agent.cpython-313.pyc
C:\Echo\Echo_Memory_Archive\__pycache__\echo_local_agent.cpython-313.pyc
